ensemble=rgg param=1 kbar=0.5 seed=1 kbar_meas=0.5089 n=20000 m=5089 chordal=1 ncliques=3955 maxclique=5 residue=0 giant=0 island=0 ncomp=0 phi_wheel=0 giant_wheel=0 island_wheel=0 phi_short=0 giant_short=0 island_short=0 merged=0.00025 merged_mean=2.229 sec=58.5
ensemble=rgg param=1 kbar=0.5 seed=2 kbar_meas=0.4951 n=20000 m=4951 chordal=1 ncliques=3925 maxclique=5 residue=0 giant=0 island=0 ncomp=0 phi_wheel=0 giant_wheel=0 island_wheel=0 phi_short=0 giant_short=0 island_short=0 merged=0.0003 merged_mean=2.207 sec=58.5
ensemble=rgg param=1 kbar=1 seed=1 kbar_meas=1.022 n=20000 m=10216 chordal=1 ncliques=6303 maxclique=6 residue=0 giant=0 island=0 ncomp=0 phi_wheel=0 giant_wheel=0 island_wheel=0 phi_short=0 giant_short=0 island_short=0 merged=0.00045 merged_mean=2.524 sec=62.8
ensemble=rgg param=1 kbar=1 seed=2 kbar_meas=0.9951 n=20000 m=9951 chordal=1 ncliques=6297 maxclique=6 residue=0 giant=0 island=0 ncomp=0 phi_wheel=0 giant_wheel=0 island_wheel=0 phi_short=0 giant_short=0 island_short=0 merged=0.00045 merged_mean=2.487 sec=62.7
ensemble=rgg param=1 kbar=1.5 seed=1 kbar_meas=1.522 n=20000 m=15221 chordal=1 ncliques=7648 maxclique=7 residue=0 giant=0 island=0 ncomp=0 phi_wheel=0 giant_wheel=0 island_wheel=0 phi_short=0 giant_short=0 island_short=0 merged=0.00045 merged_mean=2.876 sec=66.8
ensemble=rgg param=1 kbar=1.5 seed=2 kbar_meas=1.494 n=20000 m=14945 chordal=1 ncliques=7800 maxclique=7 residue=0 giant=0 island=0 ncomp=0 phi_wheel=0 giant_wheel=0 island_wheel=0 phi_short=0 giant_short=0 island_short=0 merged=0.00055 merged_mean=2.824 sec=65.8
ensemble=rgg param=1 kbar=2 seed=1 kbar_meas=2.029 n=20000 m=20286 chordal=1 ncliques=8574 maxclique=9 residue=0 giant=0 island=0 ncomp=0 phi_wheel=0 giant_wheel=0 island_wheel=0 phi_short=0 giant_short=0 island_short=0 merged=0.0006 merged_mean=3.31 sec=69.4
ensemble=rgg param=1 kbar=2 seed=2 kbar_meas=2.002 n=20000 m=20022 chordal=1 ncliques=8709 maxclique=8 residue=0 giant=0 island=0 ncomp=0 phi_wheel=0 giant_wheel=0 island_wheel=0 phi_short=0 giant_short=0 island_short=0 merged=0.00085 merged_mean=3.291 sec=69.8
ensemble=rgg param=1 kbar=3 seed=1 kbar_meas=3.019 n=20000 m=30193 chordal=1 ncliques=9377 maxclique=9 residue=0 giant=0 island=0 ncomp=0 phi_wheel=0 giant_wheel=0 island_wheel=0 phi_short=0 giant_short=0 island_short=0 merged=0.00115 merged_mean=4.627 sec=77.5
ensemble=rgg param=1 kbar=3 seed=2 kbar_meas=3.009 n=20000 m=30092 chordal=1 ncliques=9554 maxclique=9 residue=0 giant=0 island=0 ncomp=0 phi_wheel=0 giant_wheel=0 island_wheel=0 phi_short=0 giant_short=0 island_short=0 merged=0.00105 merged_mean=4.561 sec=76.5
ensemble=rgg param=1 kbar=4 seed=1 kbar_meas=4.014 n=20000 m=40144 chordal=1 ncliques=9715 maxclique=10 residue=0 giant=0 island=0 ncomp=0 phi_wheel=0 giant_wheel=0 island_wheel=0 phi_short=0 giant_short=0 island_short=0 merged=0.0013 merged_mean=6.542 sec=82.3
ensemble=rgg param=1 kbar=4 seed=2 kbar_meas=4.015 n=20000 m=40146 chordal=1 ncliques=9813 maxclique=10 residue=0 giant=0 island=0 ncomp=0 phi_wheel=0 giant_wheel=0 island_wheel=0 phi_short=0 giant_short=0 island_short=0 merged=0.0016 merged_mean=6.518 sec=80.2
ensemble=rgg param=1 kbar=12 seed=1 kbar_meas=12 n=20000 m=119964 chordal=1 ncliques=9949 maxclique=18 residue=0 giant=0 island=0 ncomp=0 phi_wheel=0 giant_wheel=0 island_wheel=0 phi_short=0 giant_short=0 island_short=0 merged=0.02585 merged_mean=164.4 sec=141
ensemble=rgg param=1 kbar=12 seed=2 kbar_meas=11.98 n=20000 m=119846 chordal=1 ncliques=9970 maxclique=19 residue=0 giant=0 island=0 ncomp=0 phi_wheel=0 giant_wheel=0 island_wheel=0 phi_short=0 giant_short=0 island_short=0 merged=0.0291 merged_mean=169.9 sec=141.3
ensemble=rgg param=2 kbar=0.5 seed=1 kbar_meas=0.5173 n=20000 m=5173 chordal=0 ncliques=4234 maxclique=5 residue=0.0008 giant=0.0002 island=4 ncomp=4 phi_wheel=0 giant_wheel=0 island_wheel=0 phi_short=0.0008 giant_short=0.0002 island_short=4 merged=0.00035 merged_mean=2.183 sec=10.5
ensemble=rgg param=2 kbar=0.5 seed=2 kbar_meas=0.5015 n=20000 m=5015 chordal=1 ncliques=4202 maxclique=5 residue=0 giant=0 island=0 ncomp=0 phi_wheel=0 giant_wheel=0 island_wheel=0 phi_short=0 giant_short=0 island_short=0 merged=0.0003 merged_mean=2.163 sec=58.1
ensemble=rgg param=2 kbar=1 seed=1 kbar_meas=1.014 n=20000 m=10140 chordal=0 ncliques=7107 maxclique=5 residue=0.00445 giant=0.0004 island=4.663 ncomp=20 phi_wheel=0.0001 giant_wheel=0.0001 island_wheel=2 phi_short=0.00395 giant_short=0.00025 island_short=4.19 merged=0.00045 merged_mean=2.394 sec=4.7
ensemble=rgg param=2 kbar=1 seed=2 kbar_meas=1.004 n=20000 m=10038 chordal=0 ncliques=7014 maxclique=6 residue=0.00405 giant=0.00055 island=5.321 ncomp=17 phi_wheel=0.0001 giant_wheel=5e-05 island_wheel=1 phi_short=0.0034 giant_short=0.00025 island_short=4.294 merged=0.00045 merged_mean=2.409 sec=2.3
ensemble=rgg param=2 kbar=1.5 seed=1 kbar_meas=1.519 n=20000 m=15188 chordal=0 ncliques=9110 maxclique=7 residue=0.01245 giant=0.0004 island=5.257 ncomp=50 phi_wheel=0.00055 giant_wheel=0.0001 island_wheel=1.182 phi_short=0.0109 giant_short=0.0004 island_short=4.872 merged=0.0006 merged_mean=2.708 sec=3.2
ensemble=rgg param=2 kbar=1.5 seed=2 kbar_meas=1.506 n=20000 m=15056 chordal=0 ncliques=9027 maxclique=6 residue=0.0103 giant=0.00055 island=5.583 ncomp=40 phi_wheel=0.0008 giant_wheel=0.00015 island_wheel=1.625 phi_short=0.0089 giant_short=0.00055 island_short=4.899 merged=0.0007 merged_mean=2.764 sec=3
ensemble=rgg param=2 kbar=2 seed=1 kbar_meas=2.026 n=20000 m=20257 chordal=0 ncliques=10659 maxclique=7 residue=0.03455 giant=0.0009 island=6.661 ncomp=119 phi_wheel=0.00245 giant_wheel=0.00015 island_wheel=1.735 phi_short=0.0264 giant_short=0.00055 island_short=5.223 merged=0.0007 merged_mean=3.139 sec=3.5
ensemble=rgg param=2 kbar=2 seed=2 kbar_meas=2.005 n=20000 m=20050 chordal=0 ncliques=10498 maxclique=7 residue=0.0324 giant=0.0007 island=6.753 ncomp=109 phi_wheel=0.0026 giant_wheel=0.00025 island_wheel=2.038 phi_short=0.0246 giant_short=0.00055 island_short=5.232 merged=0.0008 merged_mean=3.173 sec=2
ensemble=rgg param=2 kbar=3 seed=1 kbar_meas=3.029 n=20000 m=30286 chordal=0 ncliques=12571 maxclique=8 residue=0.1484 giant=0.00325 island=19.33 ncomp=264 phi_wheel=0.0114 giant_wheel=0.00035 island_wheel=2.289 phi_short=0.08645 giant_short=0.00105 island_short=7.301 merged=0.0013 merged_mean=4.736 sec=2.6
ensemble=rgg param=2 kbar=3 seed=2 kbar_meas=3.003 n=20000 m=30031 chordal=0 ncliques=12565 maxclique=8 residue=0.1477 giant=0.0051 island=27.8 ncomp=234 phi_wheel=0.01035 giant_wheel=0.0003 island_wheel=2.507 phi_short=0.0765 giant_short=0.00105 island_short=6.749 merged=0.0017 merged_mean=4.605 sec=2.9
ensemble=rgg param=2 kbar=4 seed=1 kbar_meas=4.024 n=20000 m=40244 chordal=0 ncliques=13935 maxclique=9 residue=0.4068 giant=0.05435 island=307.2 ncomp=156 phi_wheel=0.0279 giant_wheel=0.0006 island_wheel=3.032 phi_short=0.1689 giant_short=0.00205 island_short=11.1 merged=0.00255 merged_mean=7.934 sec=3.6
ensemble=rgg param=2 kbar=4 seed=2 kbar_meas=4.001 n=20000 m=40014 chordal=0 ncliques=14035 maxclique=11 residue=0.4273 giant=0.03865 island=302.7 ncomp=130 phi_wheel=0.02755 giant_wheel=0.00045 island_wheel=3.098 phi_short=0.1633 giant_short=0.00195 island_short=10.1 merged=0.003 merged_mean=7.503 sec=3.5
ensemble=rgg param=2 kbar=6 seed=1 kbar_meas=6.029 n=20000 m=60289 chordal=0 ncliques=16365 maxclique=10 residue=0.835 giant=0.8345 island=1.668e+04 ncomp=2 phi_wheel=0.1075 giant_wheel=0.0011 island_wheel=6.375 phi_short=0.4203 giant_short=0.01175 island_short=50.26 merged=0.0159 merged_mean=52.34 sec=5.9
ensemble=rgg param=2 kbar=6 seed=2 kbar_meas=5.982 n=20000 m=59825 chordal=0 ncliques=16371 maxclique=12 residue=0.837 giant=0.8359 island=1.67e+04 ncomp=3 phi_wheel=0.1009 giant_wheel=0.00115 island_wheel=5.979 phi_short=0.4158 giant_short=0.0104 island_short=48.55 merged=0.0173 merged_mean=52.74 sec=5.9
ensemble=rgg param=2 kbar=8 seed=1 kbar_meas=8.048 n=20000 m=80479 chordal=0 ncliques=18734 maxclique=11 residue=0.9599 giant=0.9599 island=1.92e+04 ncomp=1 phi_wheel=0.2374 giant_wheel=0.0038 island_wheel=17.5 phi_short=0.6629 giant_short=0.5623 island_short=9551 merged=0.9436 merged_mean=1.694e+04 sec=8.7
ensemble=rgg param=2 kbar=8 seed=2 kbar_meas=7.982 n=20000 m=79822 chordal=0 ncliques=18755 maxclique=13 residue=0.9584 giant=0.9584 island=1.917e+04 ncomp=1 phi_wheel=0.2299 giant_wheel=0.0038 island_wheel=17.23 phi_short=0.6704 giant_short=0.5268 island_short=8365 merged=0.9544 merged_mean=1.74e+04 sec=8.6
ensemble=rgg param=2 kbar=12 seed=1 kbar_meas=12.02 n=20000 m=120207 chordal=0 ncliques=23492 maxclique=14 residue=0.9967 giant=0.9967 island=1.993e+04 ncomp=1 phi_wheel=0.5566 giant_wheel=0.3801 island_wheel=5280 phi_short=0.9305 giant_short=0.9305 island_short=1.861e+04 merged=0.9994 merged_mean=1.995e+04 sec=16.6
ensemble=rgg param=2 kbar=12 seed=2 kbar_meas=11.99 n=20000 m=119917 chordal=0 ncliques=23688 maxclique=15 residue=0.9966 giant=0.9966 island=1.993e+04 ncomp=1 phi_wheel=0.5609 giant_wheel=0.4725 island_wheel=7983 phi_short=0.9319 giant_short=0.9319 island_short=1.864e+04 merged=0.9995 merged_mean=1.995e+04 sec=17.3
ensemble=rgg param=3 kbar=0.5 seed=1 kbar_meas=0.5172 n=20000 m=5172 chordal=0 ncliques=4368 maxclique=5 residue=0.0006 giant=0.0002 island=4 ncomp=3 phi_wheel=0 giant_wheel=0 island_wheel=0 phi_short=0.0006 giant_short=0.0002 island_short=4 merged=0.00035 merged_mean=2.157 sec=24.3
ensemble=rgg param=3 kbar=0.5 seed=2 kbar_meas=0.4898 n=20000 m=4898 chordal=0 ncliques=4232 maxclique=5 residue=0.00065 giant=0.00025 island=4.385 ncomp=3 phi_wheel=5e-05 giant_wheel=5e-05 island_wheel=1 phi_short=0.0006 giant_short=0.0002 island_short=4 merged=0.0003 merged_mean=2.136 sec=3
ensemble=rgg param=3 kbar=1 seed=1 kbar_meas=1.007 n=20000 m=10071 chordal=0 ncliques=7595 maxclique=5 residue=0.00895 giant=0.0004 island=5 ncomp=38 phi_wheel=0.00015 giant_wheel=5e-05 island_wheel=1 phi_short=0.0079 giant_short=0.0004 island_short=4.544 merged=0.00045 merged_mean=2.33 sec=3.5
ensemble=rgg param=3 kbar=1 seed=2 kbar_meas=0.9858 n=20000 m=9858 chordal=0 ncliques=7445 maxclique=5 residue=0.00445 giant=0.0003 island=4.528 ncomp=20 phi_wheel=0.0002 giant_wheel=5e-05 island_wheel=1 phi_short=0.00425 giant_short=0.00025 island_short=4.294 merged=0.00045 merged_mean=2.311 sec=4.7
ensemble=rgg param=3 kbar=1.5 seed=1 kbar_meas=1.513 n=20000 m=15127 chordal=0 ncliques=10041 maxclique=6 residue=0.0237 giant=0.001 island=6.869 ncomp=86 phi_wheel=0.00085 giant_wheel=0.0001 island_wheel=1.471 phi_short=0.0205 giant_short=0.00075 island_short=5.341 merged=0.00065 merged_mean=2.593 sec=3.7
ensemble=rgg param=3 kbar=1.5 seed=2 kbar_meas=1.49 n=20000 m=14895 chordal=0 ncliques=10063 maxclique=6 residue=0.0203 giant=0.0008 island=6.847 ncomp=73 phi_wheel=0.0005 giant_wheel=5e-05 island_wheel=1 phi_short=0.01585 giant_short=0.0006 island_short=5.082 merged=0.0006 merged_mean=2.543 sec=4.1
ensemble=rgg param=3 kbar=2 seed=1 kbar_meas=2.011 n=20000 m=20109 chordal=0 ncliques=12038 maxclique=6 residue=0.076 giant=0.00215 island=14.16 ncomp=172 phi_wheel=0.00335 giant_wheel=0.00025 island_wheel=1.716 phi_short=0.0493 giant_short=0.0008 island_short=6.008 merged=0.0011 merged_mean=2.972 sec=4.3
ensemble=rgg param=3 kbar=2 seed=2 kbar_meas=1.983 n=20000 m=19831 chordal=0 ncliques=12008 maxclique=6 residue=0.07085 giant=0.0018 island=13.3 ncomp=173 phi_wheel=0.00215 giant_wheel=0.00015 island_wheel=1.233 phi_short=0.0463 giant_short=0.0008 island_short=6.013 merged=0.001 merged_mean=2.916 sec=3.8
ensemble=rgg param=3 kbar=3 seed=1 kbar_meas=3.006 n=20000 m=30065 chordal=0 ncliques=14963 maxclique=7 residue=0.3629 giant=0.3266 island=5884 ncomp=64 phi_wheel=0.012 giant_wheel=0.00045 island_wheel=2.358 phi_short=0.1373 giant_short=0.00165 island_short=10.06 merged=0.0018 merged_mean=4.281 sec=4.3
ensemble=rgg param=3 kbar=3 seed=2 kbar_meas=2.996 n=20000 m=29956 chordal=0 ncliques=15040 maxclique=7 residue=0.3678 giant=0.3434 island=6416 ncomp=50 phi_wheel=0.011 giant_wheel=0.00035 island_wheel=2.073 phi_short=0.1334 giant_short=0.00145 island_short=9.287 merged=0.00215 merged_mean=4.314 sec=4.6
ensemble=rgg param=3 kbar=4 seed=1 kbar_meas=4.021 n=20000 m=40214 chordal=0 ncliques=17450 maxclique=8 residue=0.6826 giant=0.6813 island=1.36e+04 ncomp=5 phi_wheel=0.0372 giant_wheel=0.0005 island_wheel=3.228 phi_short=0.2871 giant_short=0.00675 island_short=33.78 merged=0.0036 merged_mean=7.943 sec=5.4
ensemble=rgg param=3 kbar=4 seed=2 kbar_meas=3.987 n=20000 m=39874 chordal=0 ncliques=17534 maxclique=7 residue=0.6855 giant=0.6851 island=1.369e+04 ncomp=3 phi_wheel=0.03415 giant_wheel=0.0006 island_wheel=2.95 phi_short=0.2853 giant_short=0.0092 island_short=40.29 merged=0.0047 merged_mean=8.544 sec=5.1
ensemble=rgg param=3 kbar=6 seed=1 kbar_meas=6.027 n=20000 m=60266 chordal=0 ncliques=21697 maxclique=10 residue=0.9274 giant=0.9274 island=1.855e+04 ncomp=1 phi_wheel=0.1298 giant_wheel=0.0021 island_wheel=9.003 phi_short=0.6091 giant_short=0.5937 island_short=1.157e+04 merged=0.7348 merged_mean=8285 sec=7.2
ensemble=rgg param=3 kbar=6 seed=2 kbar_meas=5.978 n=20000 m=59777 chordal=0 ncliques=21663 maxclique=9 residue=0.9208 giant=0.9208 island=1.842e+04 ncomp=1 phi_wheel=0.1262 giant_wheel=0.0024 island_wheel=9.81 phi_short=0.621 giant_short=0.6042 island_short=1.176e+04 merged=0.7528 merged_mean=8752 sec=7.1
ensemble=rgg param=3 kbar=8 seed=1 kbar_meas=8.026 n=20000 m=80261 chordal=0 ncliques=25752 maxclique=12 residue=0.9815 giant=0.9815 island=1.963e+04 ncomp=1 phi_wheel=0.285 giant_wheel=0.0401 island_wheel=244.6 phi_short=0.8436 giant_short=0.8436 island_short=1.687e+04 merged=0.9766 merged_mean=1.804e+04 sec=9.5
ensemble=rgg param=3 kbar=8 seed=2 kbar_meas=8.007 n=20000 m=80070 chordal=0 ncliques=25964 maxclique=11 residue=0.9808 giant=0.9808 island=1.962e+04 ncomp=1 phi_wheel=0.2905 giant_wheel=0.06535 island_wheel=385.9 phi_short=0.8435 giant_short=0.8435 island_short=1.687e+04 merged=0.9692 merged_mean=1.752e+04 sec=9.4
ensemble=rgg param=3 kbar=12 seed=1 kbar_meas=11.99 n=20000 m=119911 chordal=0 ncliques=35243 maxclique=14 residue=0.9983 giant=0.9983 island=1.997e+04 ncomp=1 phi_wheel=0.6429 giant_wheel=0.6419 island_wheel=1.282e+04 phi_short=0.9855 giant_short=0.9855 island_short=1.971e+04 merged=0.9991 merged_mean=1.988e+04 sec=16.1
ensemble=rgg param=3 kbar=12 seed=2 kbar_meas=12.02 n=20000 m=120219 chordal=0 ncliques=35690 maxclique=12 residue=0.9989 giant=0.9989 island=1.998e+04 ncomp=1 phi_wheel=0.6526 giant_wheel=0.6514 island_wheel=1.3e+04 phi_short=0.9856 giant_short=0.9856 island_short=1.971e+04 merged=0.9991 merged_mean=1.99e+04 sec=16.1
