F=0.017536 s=0.17536 Sigma=-6.4532e-16 spread=1.1847e-07 alpha=3.7 m=0.1 seed=0 sec=436.9
F=0.13885 s=0.15427 Sigma=3.3624e-08 spread=0.00053413 alpha=3.8 m=0.9 seed=0 sec=443.1
F=0.12275 s=0.17536 Sigma=3.8303e-15 spread=1.8226e-07 alpha=3.7 m=0.7 seed=0 sec=456.7
F=0.070144 s=0.17536 Sigma=-2.04e-15 spread=1.5415e-07 alpha=3.7 m=0.4 seed=0 sec=462.9
F=0.092536 s=0.15423 Sigma=4.0767e-09 spread=0.00026503 alpha=3.8 m=0.6 seed=0 sec=465.7
F=0.17536 s=0.17536 Sigma=1.7764e-14 spread=2.9299e-07 alpha=3.7 m=1 seed=0 sec=466.5
F=0.046273 s=0.15424 Sigma=7.5598e-10 spread=0.00024 alpha=3.8 m=0.3 seed=0 sec=467.7
F=0.069659 s=0.13932 Sigma=-1.7537e-07 spread=0.0024899 alpha=3.86 m=0.5 seed=0 sec=469.8
F=0.1115 s=0.13937 Sigma=-5.6288e-07 spread=0.0027748 alpha=3.86 m=0.8 seed=0 sec=470.9
F=0.027864 s=0.13932 Sigma=-8.8293e-09 spread=0.0013884 alpha=3.86 m=0.2 seed=0 sec=473.3
F=0.046652 s=0.15551 Sigma=-5.7089e-12 spread=0.00019647 alpha=3.8 m=0.3 seed=1 sec=438.6
F=0.017225 s=0.17225 Sigma=-4.4409e-16 spread=5.3929e-07 alpha=3.7 m=0.1 seed=1 sec=482.4
F=0.11632 s=0.14575 Sigma=-0.00027933 spread=0.056402 alpha=3.86 m=0.8 seed=1 sec=459.7
F=0.13999 s=0.15554 Sigma=4.7736e-09 spread=0.00075308 alpha=3.8 m=0.9 seed=1 sec=490.1
F=0.12058 s=0.17225 Sigma=-4.742e-14 spread=9.95e-07 alpha=3.7 m=0.7 seed=1 sec=488.1
F=0.0689 s=0.17225 Sigma=-1.0131e-14 spread=7.574e-07 alpha=3.7 m=0.4 seed=1 sec=490.2
F=0.17225 s=0.17225 Sigma=-1.0925e-13 spread=1.0773e-06 alpha=3.7 m=1 seed=1 sec=489.8
F=0.093317 s=0.15553 Sigma=1.1375e-10 spread=0.0002726 alpha=3.8 m=0.6 seed=1 sec=494.2
F=0.07063 s=0.14123 Sigma=1.5455e-05 spread=0.054707 alpha=3.86 m=0.5 seed=1 sec=502.8
F=0.028399 s=0.142 Sigma=-5.5153e-07 spread=0.04813 alpha=3.86 m=0.2 seed=1 sec=499.9
F=0.061698 s=0.15424 Sigma=2.1911e-09 spread=0.00031037 alpha=3.8 m=0.4 seed=0 sec=463.6
F=0.035072 s=0.17536 Sigma=-2.2204e-16 spread=1.738e-07 alpha=3.7 m=0.2 seed=0 sec=475.9
F=0.12539 s=0.13932 Sigma=-1.1787e-06 spread=0.0036553 alpha=3.86 m=0.9 seed=0 sec=479.1
F=0.15425 s=0.15425 Sigma=1.7192e-08 spread=0.00034145 alpha=3.8 m=1 seed=0 sec=482.9
F=0.14029 s=0.17536 Sigma=3.9135e-15 spread=1.5251e-07 alpha=3.7 m=0.8 seed=0 sec=483.2
F=0.087681 s=0.17536 Sigma=-4.4409e-16 spread=1.3695e-07 alpha=3.7 m=0.5 seed=0 sec=485.8
F=0.10797 s=0.15425 Sigma=1.0071e-08 spread=0.00036937 alpha=3.8 m=0.7 seed=0 sec=488.9
F=0.015425 s=0.15425 Sigma=5.7675e-11 spread=0.00019962 alpha=3.8 m=0.1 seed=0 sec=494
F=0.041769 s=0.13923 Sigma=-2.6784e-08 spread=0.0016014 alpha=3.86 m=0.3 seed=0 sec=496.3
F=0.08354 s=0.13923 Sigma=-3.6573e-07 spread=0.0029222 alpha=3.86 m=0.6 seed=0 sec=497.7
F=0.062204 s=0.15551 Sigma=1.0987e-10 spread=0.00026068 alpha=3.8 m=0.4 seed=1 sec=466.1
F=0.03445 s=0.17225 Sigma=-2.8866e-15 spread=6.8203e-07 alpha=3.7 m=0.2 seed=1 sec=446.6
F=0.15549 s=0.15549 Sigma=1.2725e-09 spread=0.00033022 alpha=3.8 m=1 seed=1 sec=475.3
F=0.12942 s=0.1452 Sigma=-0.0012574 spread=0.088071 alpha=3.86 m=0.9 seed=1 sec=485.3
F=0.1378 s=0.17225 Sigma=-1.3342e-13 spread=1.4886e-06 alpha=3.7 m=0.8 seed=1 sec=469.6
F=0.086125 s=0.17225 Sigma=-1.0658e-14 spread=6.5425e-07 alpha=3.7 m=0.5 seed=1 sec=475.4
F=0.10884 s=0.15548 Sigma=6.037e-10 spread=0.00032026 alpha=3.8 m=0.7 seed=1 sec=480.5
F=0.015552 s=0.15552 Sigma=-1.2545e-12 spread=0.00014326 alpha=3.8 m=0.1 seed=1 sec=480.7
F=0.042719 s=0.14246 Sigma=-1.9314e-05 spread=0.043373 alpha=3.86 m=0.3 seed=1 sec=486
F=0.085876 s=0.14277 Sigma=0.00021421 spread=0.076742 alpha=3.86 m=0.6 seed=1 sec=489.6
F=0.052608 s=0.17536 Sigma=1.4225e-15 spread=2.0523e-07 alpha=3.7 m=0.3 seed=0 sec=445.2
F=0.077136 s=0.15427 Sigma=2.6357e-09 spread=0.00026042 alpha=3.8 m=0.5 seed=0 sec=455.5
F=0.15783 s=0.17536 Sigma=4.4409e-15 spread=2.3383e-07 alpha=3.7 m=0.9 seed=0 sec=470.3
F=0.013932 s=0.13932 Sigma=-1.8152e-09 spread=0.001365 alpha=3.86 m=0.1 seed=0 sec=481.8
F=0.13924 s=0.13924 Sigma=-1.0765e-06 spread=0.0031097 alpha=3.86 m=1 seed=0 sec=483.4
F=0.10522 s=0.17536 Sigma=-7.0777e-16 spread=1.8122e-07 alpha=3.7 m=0.6 seed=0 sec=474.2
F=0.12344 s=0.1543 Sigma=1.5026e-08 spread=0.0003948 alpha=3.8 m=0.8 seed=0 sec=476.4
F=0.030847 s=0.15424 Sigma=2.8653e-10 spread=0.00022691 alpha=3.8 m=0.2 seed=0 sec=479.5
F=0.055691 s=0.13923 Sigma=-5.0037e-08 spread=0.0017231 alpha=3.86 m=0.4 seed=0 sec=476.4
F=0.097527 s=0.13933 Sigma=-2.2854e-07 spread=0.0021011 alpha=3.86 m=0.7 seed=0 sec=474.9
F=0.051675 s=0.17225 Sigma=-7.2789e-15 spread=6.5868e-07 alpha=3.7 m=0.3 seed=1 sec=485.4
F=0.077765 s=0.15553 Sigma=1.1951e-10 spread=0.0002666 alpha=3.8 m=0.5 seed=1 sec=495.6
F=0.15503 s=0.17225 Sigma=-1.2523e-13 spread=1.2643e-06 alpha=3.7 m=0.9 seed=1 sec=565.4
F=0.10335 s=0.17225 Sigma=-2.5938e-14 spread=8.8159e-07 alpha=3.7 m=0.6 seed=1 sec=565.8
F=0.014223 s=0.14223 Sigma=3.3651e-07 spread=0.039579 alpha=3.86 m=0.1 seed=1 sec=596.2
F=0.12438 s=0.15547 Sigma=9.3435e-10 spread=0.00038534 alpha=3.8 m=0.8 seed=1 sec=584.2
F=0.14346 s=0.14424 Sigma=-0.00078192 spread=0.1025 alpha=3.86 m=1 seed=1 sec=615
F=0.0311 s=0.1555 Sigma=1.4739e-11 spread=0.00018512 alpha=3.8 m=0.2 seed=1 sec=583
F=0.10014 s=0.14355 Sigma=-0.00034825 spread=0.053671 alpha=3.86 m=0.7 seed=1 sec=595
F=0.057053 s=0.14258 Sigma=2.0977e-05 spread=0.056497 alpha=3.86 m=0.4 seed=1 sec=603.1
F=0.013799 s=0.13799 Sigma=-1.0628e-08 spread=0.0051898 alpha=3.9 m=0.1 seed=0 sec=536.9
F=0.055085 s=0.13771 Sigma=-2.1858e-07 spread=0.0053894 alpha=3.9 m=0.4 seed=0 sec=534.7
F=0.096487 s=0.13784 Sigma=-4.2872e-06 spread=0.0088183 alpha=3.9 m=0.7 seed=0 sec=512.4
F=0.13822 s=0.13823 Sigma=-8.6034e-06 spread=0.016488 alpha=3.9 m=1 seed=0 sec=516.9
F=0.03986 s=0.13308 Sigma=-6.5519e-05 spread=0.052838 alpha=3.95 m=0.3 seed=0 sec=524.4
F=0.079961 s=0.13404 Sigma=-0.00046498 spread=0.080934 alpha=3.95 m=0.6 seed=0 sec=525
F=0.1179 s=0.13443 Sigma=-0.0030818 spread=0.13689 alpha=3.95 m=0.9 seed=0 sec=541.7
F=0.025248 s=0.12624 Sigma=1.0384e-06 spread=0.094612 alpha=4 m=0.2 seed=0 sec=549
F=0.063461 s=0.12763 Sigma=-0.00035468 spread=0.13355 alpha=4 m=0.5 seed=0 sec=537.7
F=0.10213 s=0.13045 Sigma=-0.0022269 spread=0.143 alpha=4 m=0.8 seed=0 sec=534.7
F=0.013392 s=0.13392 Sigma=-1.9986e-07 spread=0.0088168 alpha=3.9 m=0.1 seed=1 sec=442.8
F=0.053324 s=0.13332 Sigma=-4.388e-06 spread=0.010388 alpha=3.9 m=0.4 seed=1 sec=441.5
F=0.093715 s=0.1339 Sigma=-1.3589e-05 spread=0.010135 alpha=3.9 m=0.7 seed=1 sec=459.3
F=0.1339 s=0.13403 Sigma=-0.00012779 spread=0.022146 alpha=3.9 m=1 seed=1 sec=473.4
F=0.040838 s=0.1361 Sigma=8.2457e-06 spread=0.031763 alpha=3.95 m=0.3 seed=1 sec=479.9
F=0.082602 s=0.1374 Sigma=0.00016304 spread=0.047582 alpha=3.95 m=0.6 seed=1 sec=493.7
F=0.12286 s=0.13548 Sigma=0.00092586 spread=0.085457 alpha=3.95 m=0.9 seed=1 sec=501.3
F=0.023794 s=0.1191 Sigma=-2.6935e-05 spread=0.11534 alpha=4 m=0.2 seed=1 sec=514.7
F=0.059487 s=0.118 Sigma=0.00048763 spread=0.16915 alpha=4 m=0.5 seed=1 sec=513.8
F=0.096384 s=0.12086 Sigma=-0.00030769 spread=0.16703 alpha=4 m=0.8 seed=1 sec=513.7
F=0.027628 s=0.13814 Sigma=-1.3958e-07 spread=0.0058829 alpha=3.9 m=0.2 seed=0 sec=449.6
F=0.069132 s=0.13827 Sigma=-2.7019e-06 spread=0.010648 alpha=3.9 m=0.5 seed=0 sec=459.8
F=0.11035 s=0.13793 Sigma=-1.5411e-06 spread=0.011332 alpha=3.9 m=0.8 seed=0 sec=459.2
F=0.01327 s=0.13278 Sigma=-7.4906e-06 spread=0.057103 alpha=3.95 m=0.1 seed=0 sec=480.9
F=0.053256 s=0.13363 Sigma=-0.00019608 spread=0.073007 alpha=3.95 m=0.4 seed=0 sec=484.8
F=0.092585 s=0.13335 Sigma=-0.00075804 spread=0.084395 alpha=3.95 m=0.7 seed=0 sec=495.5
F=0.12989 s=0.13287 Sigma=-0.0029764 spread=0.13695 alpha=3.95 m=1 seed=0 sec=505.1
F=0.038145 s=0.12768 Sigma=-0.00015928 spread=0.1076 alpha=4 m=0.3 seed=0 sec=513.3
F=0.075283 s=0.12679 Sigma=-0.00078867 spread=0.13501 alpha=4 m=0.6 seed=0 sec=519
F=0.11124 s=0.12865 Sigma=-0.0045523 spread=0.18528 alpha=4 m=0.9 seed=0 sec=527.1
F=0.026676 s=0.13339 Sigma=-9.8533e-07 spread=0.0098192 alpha=3.9 m=0.2 seed=1 sec=471.5
F=0.066501 s=0.13301 Sigma=-5.5588e-06 spread=0.0094866 alpha=3.9 m=0.5 seed=1 sec=465.5
F=0.10657 s=0.13324 Sigma=-2.0402e-05 spread=0.011326 alpha=3.9 m=0.8 seed=1 sec=455.8
F=0.013617 s=0.13615 Sigma=2.1388e-06 spread=0.034294 alpha=3.95 m=0.1 seed=1 sec=469.4
F=0.054914 s=0.13723 Sigma=2.0035e-05 spread=0.035774 alpha=3.95 m=0.4 seed=1 sec=480
F=0.095858 s=0.13669 Sigma=0.00017324 spread=0.060924 alpha=3.95 m=0.7 seed=1 sec=487.6
F=0.13709 s=0.13433 Sigma=0.0027562 spread=0.11958 alpha=3.95 m=1 seed=1 sec=504.6
F=0.035885 s=0.11965 Sigma=-1.065e-05 spread=0.10777 alpha=4 m=0.3 seed=1 sec=513.9
F=0.070125 s=0.11741 Sigma=-0.00032201 spread=0.15824 alpha=4 m=0.6 seed=1 sec=521.1
F=0.10614 s=0.12306 Sigma=-0.0046198 spread=0.18143 alpha=4 m=0.9 seed=1 sec=534.1
F=0.041327 s=0.13776 Sigma=-2.0115e-07 spread=0.0089222 alpha=3.9 m=0.3 seed=0 sec=474.2
F=0.082913 s=0.13819 Sigma=-3.3228e-06 spread=0.0094603 alpha=3.9 m=0.6 seed=0 sec=472.6
F=0.12406 s=0.1379 Sigma=-5.2775e-05 spread=0.027687 alpha=3.9 m=0.9 seed=0 sec=461.4
F=0.026655 s=0.13345 Sigma=-3.546e-05 spread=0.059566 alpha=3.95 m=0.2 seed=0 sec=489.1
F=0.066008 s=0.13284 Sigma=-0.00041251 spread=0.093387 alpha=3.95 m=0.5 seed=0 sec=499.4
F=0.10545 s=0.13468 Sigma=-0.0022917 spread=0.12414 alpha=3.95 m=0.8 seed=0 sec=514.8
F=0.012531 s=0.12541 Sigma=-1.0085e-05 spread=0.093773 alpha=4 m=0.1 seed=0 sec=515.7
F=0.051164 s=0.12841 Sigma=-0.00020054 spread=0.11974 alpha=4 m=0.4 seed=0 sec=538.8
F=0.040038 s=0.13346 Sigma=-1.289e-06 spread=0.0075211 alpha=3.9 m=0.3 seed=1 sec=501.2
F=0.080009 s=0.13336 Sigma=-8.9753e-06 spread=0.0097169 alpha=3.9 m=0.6 seed=1 sec=509.9
F=0.088306 s=0.12358 Sigma=0.0017968 spread=0.16919 alpha=4 m=0.7 seed=0 sec=560.6
F=0.12719 s=0.12805 Sigma=-0.00085418 spread=0.17268 alpha=4 m=1 seed=0 sec=554.8
F=0.12055 s=0.13399 Sigma=-4.4976e-05 spread=0.015077 alpha=3.9 m=0.9 seed=1 sec=494.6
F=0.027266 s=0.13629 Sigma=7.5334e-06 spread=0.037937 alpha=3.95 m=0.2 seed=1 sec=516.4
F=0.068506 s=0.1369 Sigma=5.5597e-05 spread=0.039062 alpha=3.95 m=0.5 seed=1 sec=516.6
F=0.10926 s=0.13601 Sigma=0.00045253 spread=0.065911 alpha=3.95 m=0.8 seed=1 sec=543.4
/Users/avazquez/av2atg/chygraph/statmech/probe/onestep_sat.py:269: RuntimeWarning: divide by zero encountered in log1p
  a, b = self._wterm(m, np.log1p(-np.exp(logprod)), logw)
/Users/avazquez/av2atg/chygraph/statmech/probe/onestep_sat.py:224: RuntimeWarning: invalid value encountered in subtract
  w = np.exp(lw - c)
F=0.011819 s=0.11824 Sigma=-5.3303e-06 spread=0.10048 alpha=4 m=0.1 seed=1 sec=566.5
F=0.011767 s=0.11774 Sigma=-7.0666e-06 spread=0.060063 alpha=4.05 m=0.1 seed=0 sec=538.3
F=0.047479 s=0.11907 Sigma=-0.00014712 spread=0.098427 alpha=4 m=0.4 seed=1 sec=567.7
F=0.046537 s=0.11675 Sigma=-0.00016387 spread=0.074853 alpha=4.05 m=0.4 seed=0 sec=548.8
/Users/avazquez/av2atg/chygraph/statmech/probe/onestep_sat.py:269: RuntimeWarning: divide by zero encountered in log1p
  a, b = self._wterm(m, np.log1p(-np.exp(logprod)), logw)
F=0.081218 s=0.11678 Sigma=-0.00053032 spread=0.1848 alpha=4 m=0.7 seed=1 sec=551.6
F=0.11685 s=0.12152 Sigma=-0.0046704 spread=0.17288 alpha=4 m=1 seed=1 sec=564.2
/Users/avazquez/av2atg/chygraph/statmech/probe/onestep_sat.py:269: RuntimeWarning: divide by zero encountered in log1p
  a, b = self._wterm(m, np.log1p(-np.exp(logprod)), logw)
/Users/avazquez/av2atg/chygraph/statmech/probe/onestep_sat.py:224: RuntimeWarning: invalid value encountered in subtract
  w = np.exp(lw - c)
F=0.082893 s=0.12068 Sigma=-0.0015798 spread=0.12299 alpha=4.05 m=0.7 seed=0 sec=543.1
F=nan s=nan Sigma=nan spread=0.039716 alpha=4.05 m=1 seed=0 sec=469.4
F=0.031678 s=0.1022 Sigma=0.0010168 spread=0.2011 alpha=4.1 m=0.3 seed=0 sec=535.7
F=0.061229 s=0.094735 Sigma=0.0043887 spread=0.22935 alpha=4.1 m=0.6 seed=0 sec=577.3
F=nan s=nan Sigma=nan spread=0.040525 alpha=4.1 m=0.9 seed=0 sec=500.6
/Users/avazquez/av2atg/chygraph/statmech/probe/onestep_sat.py:269: RuntimeWarning: divide by zero encountered in log1p
  a, b = self._wterm(m, np.log1p(-np.exp(logprod)), logw)
F=0.011864 s=0.11871 Sigma=-6.9274e-06 spread=0.082801 alpha=4.05 m=0.1 seed=1 sec=544.4
F=0.021684 s=0.10865 Sigma=-4.6371e-05 spread=0.11545 alpha=4.15 m=0.2 seed=0 sec=568
/Users/avazquez/av2atg/chygraph/statmech/probe/onestep_sat.py:269: RuntimeWarning: divide by zero encountered in log1p
  a, b = self._wterm(m, np.log1p(-np.exp(logprod)), logw)
F=0.047616 s=0.11907 Sigma=-1.3071e-05 spread=0.13195 alpha=4.05 m=0.4 seed=1 sec=557.4
F=0.05568 s=0.099269 Sigma=0.0060458 spread=0.23363 alpha=4.15 m=0.5 seed=0 sec=585.2
F=0.07972 s=0.10434 Sigma=-0.0037498 spread=0.21057 alpha=4.15 m=0.8 seed=0 sec=583.8
F=nan s=nan Sigma=nan spread=0.04991 alpha=4.05 m=1 seed=1 sec=500.7
F=0.083829 s=0.11469 Sigma=0.003545 spread=0.19601 alpha=4.05 m=0.7 seed=1 sec=562.8
F=0.031479 s=0.10327 Sigma=0.00049946 spread=0.16655 alpha=4.1 m=0.3 seed=1 sec=546.8
F=nan s=nan Sigma=nan spread=0.045942 alpha=4.1 m=0.9 seed=1 sec=475.4
F=0.062248 s=0.098312 Sigma=0.0032604 spread=0.21428 alpha=4.1 m=0.6 seed=1 sec=553.9
F=0.023444 s=0.11738 Sigma=-3.2231e-05 spread=0.060473 alpha=4.05 m=0.2 seed=0 sec=522.7
F=0.058773 s=0.11828 Sigma=-0.00036519 spread=0.10095 alpha=4.05 m=0.5 seed=0 sec=543.3
F=0.018846 s=0.093537 Sigma=0.00013879 spread=0.17066 alpha=4.15 m=0.2 seed=1 sec=564.3
F=0.042651 s=0.081748 Sigma=0.0017772 spread=0.24638 alpha=4.15 m=0.5 seed=1 sec=584.8
F=0.059629 s=0.081489 Sigma=-0.0055623 spread=0.18714 alpha=4.15 m=0.8 seed=1 sec=564.7
F=0.094383 s=0.12115 Sigma=-0.0025362 spread=0.14251 alpha=4.05 m=0.8 seed=0 sec=544.9
F=0.01075 s=0.10693 Sigma=5.6747e-05 spread=0.1596 alpha=4.1 m=0.1 seed=0 sec=558.7
F=nan s=nan Sigma=nan spread=0.037834 alpha=4.1 m=1 seed=0 sec=455.7
F=0.043748 s=0.09738 Sigma=0.0047958 spread=0.22962 alpha=4.1 m=0.4 seed=0 sec=538
/Users/avazquez/av2atg/chygraph/statmech/probe/onestep_sat.py:224: RuntimeWarning: invalid value encountered in subtract
  w = np.exp(lw - c)
/Users/avazquez/av2atg/chygraph/statmech/probe/onestep_sat.py:224: RuntimeWarning: invalid value encountered in subtract
  w = np.exp(lw - c)
F=-0.077109 s=-0.017713 Sigma=-0.064709 spread=0.18342 alpha=4.1 m=0.7 seed=0 sec=484.4
F=0.023753 s=0.11892 Sigma=-3.0822e-05 spread=0.093538 alpha=4.05 m=0.2 seed=1 sec=478.5
F=0.058806 s=0.11568 Sigma=0.00096608 spread=0.17414 alpha=4.05 m=0.5 seed=1 sec=509.3
F=0.03204 s=0.1071 Sigma=-8.984e-05 spread=0.14061 alpha=4.15 m=0.3 seed=0 sec=516.6
F=nan s=nan Sigma=nan spread=0.050025 alpha=4.15 m=0.9 seed=0 sec=469.2
F=nan s=nan Sigma=nan spread=0.078917 alpha=4.15 m=0.6 seed=0 sec=480.2
F=0.095993 s=0.11608 Sigma=0.0031278 spread=0.19136 alpha=4.05 m=0.8 seed=1 sec=512.3
F=0.010563 s=0.10513 Sigma=4.9532e-05 spread=0.13802 alpha=4.1 m=0.1 seed=1 sec=512.5
F=nan s=nan Sigma=nan spread=0.037219 alpha=4.1 m=1 seed=1 sec=445.5
F=0.043161 s=0.10288 Sigma=0.0020104 spread=0.19433 alpha=4.1 m=0.4 seed=1 sec=503.4
F=0.071808 s=0.1043 Sigma=-0.0012026 spread=0.214 alpha=4.1 m=0.7 seed=1 sec=516
F=0.035333 s=0.11809 Sigma=-9.5685e-05 spread=0.066818 alpha=4.05 m=0.3 seed=0 sec=492
/Users/avazquez/av2atg/chygraph/statmech/probe/onestep_sat.py:269: RuntimeWarning: divide by zero encountered in log1p
  a, b = self._wterm(m, np.log1p(-np.exp(logprod)), logw)
F=0.070921 s=0.11896 Sigma=-0.00045698 spread=0.10376 alpha=4.05 m=0.6 seed=0 sec=513.9
F=nan s=nan Sigma=nan spread=0.052922 alpha=4.15 m=0.9 seed=1 sec=491.9
F=0.028868 s=0.09366 Sigma=0.00076952 spread=0.19406 alpha=4.15 m=0.3 seed=1 sec=542.6
F=0.055304 s=0.094666 Sigma=-0.0014959 spread=0.23879 alpha=4.15 m=0.6 seed=1 sec=560.6
F=0.10237 s=0.11734 Sigma=-0.0032389 spread=0.16899 alpha=4.05 m=0.9 seed=0 sec=524.7
F=0.021465 s=0.10409 Sigma=0.00064721 spread=0.19367 alpha=4.1 m=0.2 seed=0 sec=537
F=0.010849 s=0.10862 Sigma=-1.2922e-05 spread=0.10825 alpha=4.15 m=0.1 seed=0 sec=523.6
F=0.054516 s=0.098532 Sigma=0.0052504 spread=0.24954 alpha=4.1 m=0.5 seed=0 sec=548.4
F=0.0058085 s=0.048712 Sigma=-0.033161 spread=0.18603 alpha=4.1 m=0.8 seed=0 sec=521.2
F=0.035335 s=0.118 Sigma=-6.6643e-05 spread=0.10177 alpha=4.05 m=0.3 seed=1 sec=550.9
F=nan s=nan Sigma=nan spread=0.050458 alpha=4.15 m=1 seed=0 sec=564.4
/Users/avazquez/av2atg/chygraph/statmech/probe/onestep_sat.py:224: RuntimeWarning: invalid value encountered in subtract
  w = np.exp(lw - c)
F=0.071823 s=0.11707 Sigma=0.001582 spread=0.17866 alpha=4.05 m=0.6 seed=1 sec=604.2
F=0.043325 s=0.10723 Sigma=0.00043509 spread=0.17993 alpha=4.15 m=0.4 seed=0 sec=618.9
F=nan s=nan Sigma=nan spread=0.057414 alpha=4.15 m=0.7 seed=0 sec=566.3
F=0.10538 s=0.11823 Sigma=-0.0010197 spread=0.17055 alpha=4.05 m=0.9 seed=1 sec=617.1
F=0.021088 s=0.10457 Sigma=0.00017298 spread=0.14289 alpha=4.1 m=0.2 seed=1 sec=617.8
/Users/avazquez/av2atg/chygraph/statmech/probe/onestep_sat.py:269: RuntimeWarning: divide by zero encountered in log1p
  a, b = self._wterm(m, np.log1p(-np.exp(logprod)), logw)
F=0.0096608 s=0.096476 Sigma=1.3227e-05 spread=0.15248 alpha=4.15 m=0.1 seed=1 sec=617.1
F=0.053003 s=0.099362 Sigma=0.0033222 spread=0.23329 alpha=4.1 m=0.5 seed=1 sec=627.8
F=nan s=nan Sigma=nan spread=0.045291 alpha=4.1 m=0.8 seed=1 sec=552.2
/Users/avazquez/av2atg/chygraph/statmech/probe/onestep_sat.py:269: RuntimeWarning: divide by zero encountered in log1p
  a, b = self._wterm(m, np.log1p(-np.exp(logprod)), logw)
/Users/avazquez/av2atg/chygraph/statmech/probe/onestep_sat.py:224: RuntimeWarning: invalid value encountered in subtract
  w = np.exp(lw - c)
F=0.0097878 s=0.098088 Sigma=-2.0975e-05 spread=0.12465 alpha=4.2 m=0.1 seed=0 sec=601.2
/Users/avazquez/av2atg/chygraph/statmech/probe/onestep_sat.py:224: RuntimeWarning: invalid value encountered in subtract
  w = np.exp(lw - c)
F=nan s=nan Sigma=nan spread=0.039179 alpha=4.15 m=1 seed=1 sec=515
F=0.036716 s=0.080699 Sigma=0.0044363 spread=0.25315 alpha=4.2 m=0.4 seed=0 sec=595.8
F=0.037275 s=0.087366 Sigma=0.0023286 spread=0.23294 alpha=4.15 m=0.4 seed=1 sec=579.7
F=nan s=nan Sigma=nan spread=0.053906 alpha=4.2 m=0.7 seed=0 sec=509.3
F=0.063035 s=0.091371 Sigma=-0.00092422 spread=0.2144 alpha=4.15 m=0.7 seed=1 sec=583.6
F=nan s=nan Sigma=nan spread=0.039199 alpha=4.2 m=1 seed=0 sec=509.9
F=0.018951 s=-0.43341 Sigma=0.14898 spread=0.12146 alpha=4.25 m=0.3 seed=0 sec=513.1
F=nan s=nan Sigma=nan spread=0.042767 alpha=4.25 m=0.9 seed=0 sec=455.4
F=nan s=nan Sigma=nan spread=0.052547 alpha=4.25 m=0.6 seed=0 sec=455.8
F=0.0096964 s=0.096855 Sigma=1.0874e-05 spread=0.16452 alpha=4.2 m=0.1 seed=1 sec=458.4
F=nan s=nan Sigma=nan spread=0.050705 alpha=4.2 m=0.7 seed=1 sec=393.1
F=nan s=nan Sigma=nan spread=0.035125 alpha=4.2 m=1 seed=1 sec=392.2
F=0.037235 s=0.083841 Sigma=0.0036989 spread=0.2568 alpha=4.2 m=0.4 seed=1 sec=462
F=nan s=nan Sigma=nan spread=0.045032 alpha=4.25 m=0.9 seed=1 sec=420.2
F=nan s=nan Sigma=nan spread=0.073776 alpha=4.25 m=0.6 seed=1 sec=423.1
F=0.02077 s=0.069914 Sigma=-0.00020379 spread=0.27519 alpha=4.25 m=0.3 seed=1 sec=480.4
F=0.019727 s=0.098916 Sigma=-5.6653e-05 spread=0.15568 alpha=4.2 m=0.2 seed=0 sec=442.7
F=nan s=nan Sigma=nan spread=0.048639 alpha=4.2 m=0.8 seed=0 sec=395.7
F=0.0078231 s=0.078146 Sigma=8.4829e-06 spread=0.15178 alpha=4.25 m=0.1 seed=0 sec=451.8
F=0.044459 s=0.088214 Sigma=0.0003521 spread=0.24761 alpha=4.2 m=0.5 seed=0 sec=467.3
F=nan s=nan Sigma=nan spread=0.038153 alpha=4.25 m=1 seed=0 sec=392.5
F=nan s=nan Sigma=nan spread=0.059243 alpha=4.25 m=0.7 seed=0 sec=397.3
F=nan s=nan Sigma=nan spread=0.081335 alpha=4.25 m=0.4 seed=0 sec=397.2
F=0.01956 s=0.096694 Sigma=0.00022081 spread=0.19507 alpha=4.2 m=0.2 seed=1 sec=422.9
/Users/avazquez/av2atg/chygraph/statmech/probe/onestep_sat.py:224: RuntimeWarning: invalid value encountered in subtract
  w = np.exp(lw - c)
F=nan s=nan Sigma=nan spread=0.062587 alpha=4.2 m=0.8 seed=1 sec=375.6
/Users/avazquez/av2atg/chygraph/statmech/probe/onestep_sat.py:269: RuntimeWarning: divide by zero encountered in log1p
  acc[rows] += np.log1p(-e)
F=nan s=nan Sigma=nan spread=0.075943 alpha=4.2 m=0.5 seed=1 sec=392
F=0.008503 s=0.085296 Sigma=-2.6543e-05 spread=0.12857 alpha=4.25 m=0.1 seed=1 sec=431
F=nan s=nan Sigma=nan spread=0.03817 alpha=4.25 m=1 seed=1 sec=394.8
F=nan s=nan Sigma=nan spread=0.047173 alpha=4.25 m=0.7 seed=1 sec=395.5
F=nan s=nan Sigma=nan spread=0.096054 alpha=4.25 m=0.4 seed=1 sec=402.8
F=nan s=nan Sigma=nan spread=0.056751 alpha=4.2 m=0.9 seed=0 sec=382.5
F=0.027986 s=0.076918 Sigma=0.0049111 spread=0.27759 alpha=4.2 m=0.3 seed=0 sec=450
F=nan s=nan Sigma=nan spread=0.055131 alpha=4.2 m=0.6 seed=0 sec=369.6
F=nan s=nan Sigma=nan spread=0.040815 alpha=4.25 m=0.8 seed=0 sec=361.9
F=0.015439 s=0.076587 Sigma=0.00012137 spread=0.17767 alpha=4.25 m=0.2 seed=0 sec=414.7
F=nan s=nan Sigma=nan spread=0.066965 alpha=4.25 m=0.5 seed=0 sec=365.1
F=nan s=nan Sigma=nan spread=0.033013 alpha=4.2 m=0.9 seed=1 sec=343.2
F=0.031248 s=0.077343 Sigma=0.0080452 spread=0.26557 alpha=4.2 m=0.3 seed=1 sec=396.8
F=nan s=nan Sigma=nan spread=0.061324 alpha=4.2 m=0.6 seed=1 sec=359.6
F=nan s=nan Sigma=nan spread=0.051839 alpha=4.25 m=0.8 seed=1 sec=352.5
F=nan s=nan Sigma=nan spread=0.059256 alpha=4.25 m=0.5 seed=1 sec=350.2
F=0.016925 s=0.085062 Sigma=-8.7591e-05 spread=0.1468 alpha=4.25 m=0.2 seed=1 sec=387.3
